// Jest Snapshot v1, https://goo.gl/fbAQLP

exports[`render correct 1`] = `
Array [
  <div
    className="imgContainer"
  >
    <img
      alt="logo"
      className="img"
      src="logo.png"
    />
  </div>,
  <h2
    className="ant-typography title"
    style={
      Object {
        "WebkitLineClamp": null,
      }
    }
  >
    title
  </h2>,
]
`;
