// Jest Snapshot v1, https://goo.gl/fbAQLP

exports[`renders learn react link 1`] = `
<div
  className="ant-row ant-form-item container"
  style={Object {}}
>
  <div
    className="ant-col ant-form-item-control"
    style={Object {}}
  >
    <div
      className="ant-form-item-control-input"
    >
      <div
        className="ant-form-item-control-input-content"
      >
        <button
          className="ant-btn cancel"
          onClick={[Function]}
          type="button"
        >
          <span>
            cancel
          </span>
        </button>
        <button
          className="ant-btn submit ant-btn-primary"
          disabled={false}
          onClick={[Function]}
          type="submit"
        >
          <span>
            submit
          </span>
        </button>
      </div>
    </div>
  </div>
</div>
`;
