// Jest Snapshot v1, https://goo.gl/fbAQLP

exports[`render loader 1`] = `
<div
  className="loader"
>
  <div
    className="css-19d8apy"
  >
    <div
      className="css-13ej97m"
    />
    <div
      className="css-1r8me59"
    />
    <div
      className="css-73otjw"
    />
    <div
      className="css-rsevgk"
    />
    <div
      className="css-bqxwdx"
    />
    <div
      className="css-15ubpbn"
    />
  </div>
</div>
`;
